2025-03-28 10:54:22.930  INFO 1 --- [main] com.rest.order.OrderServiceApplication   : Starting OrderServiceApplication v1.0-SNAPSHOT using Java 17.0.14 on c66771f2b2ba with PID 1 (/opt/app/spring-rest.jar started by root in /opt/app)
2025-03-28 10:54:22.938  INFO 1 --- [main] com.rest.order.OrderServiceApplication   : No active profile set, falling back to 1 default profile: "default"
2025-03-28 10:54:24.320  INFO 1 --- [main] .s.d.r.c.RepositoryConfigurationDelegate : Bootstrapping Spring Data JPA repositories in DEFAULT mode.
2025-03-28 10:54:24.517  INFO 1 --- [main] .s.d.r.c.RepositoryConfigurationDelegate : Finished Spring Data repository scanning in 156 ms. Found 1 JPA repository interfaces.
2025-03-28 10:54:26.538  INFO 1 --- [main] o.s.b.w.embedded.tomcat.TomcatWebServer  : Tomcat initialized with port(s): 8080 (http)
2025-03-28 10:54:26.578  INFO 1 --- [main] o.apache.catalina.core.StandardService   : Starting service [Tomcat]
2025-03-28 10:54:26.581  INFO 1 --- [main] org.apache.catalina.core.StandardEngine  : Starting Servlet engine: [Apache Tomcat/9.0.65]
2025-03-28 10:54:26.807  INFO 1 --- [main] o.a.c.c.C.[Tomcat].[localhost].[/]       : Initializing Spring embedded WebApplicationContext
2025-03-28 10:54:26.810  INFO 1 --- [main] w.s.c.ServletWebServerApplicationContext : Root WebApplicationContext: initialization completed in 3764 ms
2025-03-28 10:54:27.093  INFO 1 --- [main] o.hibernate.jpa.internal.util.LogHelper  : HHH000204: Processing PersistenceUnitInfo [name: default]
2025-03-28 10:54:27.149  INFO 1 --- [main] org.hibernate.Version                    : HHH000412: Hibernate ORM core version 5.6.10.Final
2025-03-28 10:54:27.403  INFO 1 --- [main] o.hibernate.annotations.common.Version   : HCANN000001: Hibernate Commons Annotations {5.1.2.Final}
2025-03-28 10:54:27.570  INFO 1 --- [main] com.zaxxer.hikari.HikariDataSource       : HikariPool-1 - Starting...
2025-03-28 10:54:27.991  INFO 1 --- [main] com.zaxxer.hikari.HikariDataSource       : HikariPool-1 - Start completed.
2025-03-28 10:54:28.059  INFO 1 --- [main] org.hibernate.dialect.Dialect            : HHH000400: Using dialect: org.hibernate.dialect.H2Dialect
2025-03-28 10:54:29.115  INFO 1 --- [main] o.h.e.t.j.p.i.JtaPlatformInitiator       : HHH000490: Using JtaPlatform implementation: [org.hibernate.engine.transaction.jta.platform.internal.NoJtaPlatform]
2025-03-28 10:54:29.139  INFO 1 --- [main] j.LocalContainerEntityManagerFactoryBean : Initialized JPA EntityManagerFactory for persistence unit 'default'
2025-03-28 10:54:30.130  WARN 1 --- [main] JpaBaseConfiguration$JpaWebConfiguration : spring.jpa.open-in-view is enabled by default. Therefore, database queries may be performed during view rendering. Explicitly configure spring.jpa.open-in-view to disable this warning
2025-03-28 10:54:31.141  INFO 1 --- [main] o.s.b.w.embedded.tomcat.TomcatWebServer  : Tomcat started on port(s): 8080 (http) with context path ''
2025-03-28 10:54:31.171  INFO 1 --- [main] com.rest.order.OrderServiceApplication   : Started OrderServiceApplication in 9.108 seconds (JVM running for 9.861)
2025-03-28 10:55:14.179  INFO 1 --- [http-nio-8080-exec-1] o.a.c.c.C.[Tomcat].[localhost].[/]       : Initializing Spring DispatcherServlet 'dispatcherServlet'
2025-03-28 10:55:14.182  INFO 1 --- [http-nio-8080-exec-1] o.s.web.servlet.DispatcherServlet        : Initializing Servlet 'dispatcherServlet'
2025-03-28 10:55:14.189  INFO 1 --- [http-nio-8080-exec-1] o.s.web.servlet.DispatcherServlet        : Completed initialization in 6 ms
2025-03-28 10:56:31.438  INFO 1 --- [main] com.rest.order.OrderServiceApplication   : Starting OrderServiceApplication v1.0-SNAPSHOT using Java 17.0.14 on 5fb1143589d6 with PID 1 (/opt/app/spring-rest.jar started by root in /opt/app)
2025-03-28 10:56:31.446  INFO 1 --- [main] com.rest.order.OrderServiceApplication   : No active profile set, falling back to 1 default profile: "default"
2025-03-28 10:56:32.481  INFO 1 --- [main] .s.d.r.c.RepositoryConfigurationDelegate : Bootstrapping Spring Data JPA repositories in DEFAULT mode.
2025-03-28 10:56:32.571  INFO 1 --- [main] .s.d.r.c.RepositoryConfigurationDelegate : Finished Spring Data repository scanning in 74 ms. Found 1 JPA repository interfaces.
2025-03-28 10:56:34.342  INFO 1 --- [main] o.s.b.w.embedded.tomcat.TomcatWebServer  : Tomcat initialized with port(s): 8080 (http)
2025-03-28 10:56:34.393  INFO 1 --- [main] o.apache.catalina.core.StandardService   : Starting service [Tomcat]
2025-03-28 10:56:34.396  INFO 1 --- [main] org.apache.catalina.core.StandardEngine  : Starting Servlet engine: [Apache Tomcat/9.0.65]
2025-03-28 10:56:34.617  INFO 1 --- [main] o.a.c.c.C.[Tomcat].[localhost].[/]       : Initializing Spring embedded WebApplicationContext
2025-03-28 10:56:34.621  INFO 1 --- [main] w.s.c.ServletWebServerApplicationContext : Root WebApplicationContext: initialization completed in 3080 ms
2025-03-28 10:56:35.201  INFO 1 --- [main] o.hibernate.jpa.internal.util.LogHelper  : HHH000204: Processing PersistenceUnitInfo [name: default]
2025-03-28 10:56:35.332  INFO 1 --- [main] org.hibernate.Version                    : HHH000412: Hibernate ORM core version 5.6.10.Final
2025-03-28 10:56:35.909  INFO 1 --- [main] o.hibernate.annotations.common.Version   : HCANN000001: Hibernate Commons Annotations {5.1.2.Final}
2025-03-28 10:56:36.272  INFO 1 --- [main] com.zaxxer.hikari.HikariDataSource       : HikariPool-1 - Starting...
2025-03-28 10:56:36.900  INFO 1 --- [main] com.zaxxer.hikari.HikariDataSource       : HikariPool-1 - Start completed.
2025-03-28 10:56:36.954  INFO 1 --- [main] org.hibernate.dialect.Dialect            : HHH000400: Using dialect: org.hibernate.dialect.H2Dialect
2025-03-28 10:56:37.684  INFO 1 --- [main] o.h.e.t.j.p.i.JtaPlatformInitiator       : HHH000490: Using JtaPlatform implementation: [org.hibernate.engine.transaction.jta.platform.internal.NoJtaPlatform]
2025-03-28 10:56:37.693  INFO 1 --- [main] j.LocalContainerEntityManagerFactoryBean : Initialized JPA EntityManagerFactory for persistence unit 'default'
2025-03-28 10:56:38.107  WARN 1 --- [main] JpaBaseConfiguration$JpaWebConfiguration : spring.jpa.open-in-view is enabled by default. Therefore, database queries may be performed during view rendering. Explicitly configure spring.jpa.open-in-view to disable this warning
2025-03-28 10:56:38.566  INFO 1 --- [main] o.s.b.w.embedded.tomcat.TomcatWebServer  : Tomcat started on port(s): 8080 (http) with context path ''
2025-03-28 10:56:38.578  INFO 1 --- [main] com.rest.order.OrderServiceApplication   : Started OrderServiceApplication in 8.073 seconds (JVM running for 8.829)
2025-03-28 10:56:38.578  INFO 1 --- [main] com.rest.order.OrderServiceApplication   : Hello sample log
